Loading dataset: TEP_FaultFree_Training.RData ...
Loading dataset: TEP_Faulty_Training.RData ...

======================================================================
素朴ベースライン(dp=0、変化なし予測): xmeas_7
======================================================================
FIT R^2(絶対値レベル): 0.9358
しきい値: 10.3750
FAR: 0.00% (0/100 runs)

--- IDVごとのFDR ---
  IDV( 1) | FDR= 16.40%
  IDV( 2) | FDR=  0.00%
  IDV( 3) | FDR=  0.00%
  IDV( 4) | FDR=  0.00%
  IDV( 5) | FDR=  1.20%
  IDV( 6) | FDR=  4.00%
  IDV( 7) | FDR=100.00%
  IDV( 8) | FDR= 84.20%
  IDV( 9) | FDR=  0.00%
  IDV(10) | FDR=  0.00%
  IDV(11) | FDR=  0.00%
  IDV(12) | FDR=100.00%
  IDV(13) | FDR= 91.80%
  IDV(14) | FDR=  3.00%
  IDV(15) | FDR=  0.00%
  IDV(16) | FDR=  0.00%
  IDV(17) | FDR=  6.80%
  IDV(18) | FDR=100.00%
  IDV(19) | FDR=  2.40%
  IDV(20) | FDR=100.00%

TP=3049 FN=6951 FP=0 TN=100  Precision=1.0000 Recall=0.3049 F1=0.4673 FAR=0.00%

======================================================================
素朴ベースライン(dp=0、変化なし予測): xmeas_16
======================================================================
FIT R^2(絶対値レベル): 0.9211
しきい値: 10.8750
FAR: 0.00% (0/100 runs)

--- IDVごとのFDR ---
  IDV( 1) | FDR= 11.40%
  IDV( 2) | FDR=  0.00%
  IDV( 3) | FDR=  0.00%
  IDV( 4) | FDR=  0.00%
  IDV( 5) | FDR=  0.00%
  IDV( 6) | FDR=  1.00%
  IDV( 7) | FDR=100.00%
  IDV( 8) | FDR= 86.40%
  IDV( 9) | FDR=  0.00%
  IDV(10) | FDR=  0.00%
  IDV(11) | FDR=  0.00%
  IDV(12) | FDR=100.00%
  IDV(13) | FDR= 82.60%
  IDV(14) | FDR=  0.00%
  IDV(15) | FDR=  0.00%
  IDV(16) | FDR=  0.00%
  IDV(17) | FDR=  0.00%
  IDV(18) | FDR=100.00%
  IDV(19) | FDR=  0.20%
  IDV(20) | FDR= 85.00%

TP=2833 FN=7167 FP=0 TN=100  Precision=1.0000 Recall=0.2833 F1=0.4415 FAR=0.00%

======================================================================
素朴ベースライン(dp=0、変化なし予測): xmeas_18
======================================================================
FIT R^2(絶対値レベル): 0.9865
しきい値: 0.2900
FAR: 0.00% (0/100 runs)

--- IDVごとのFDR ---
  IDV( 1) | FDR= 99.20%
  IDV( 2) | FDR=  0.00%
  IDV( 3) | FDR=  0.00%
  IDV( 4) | FDR=  0.00%
  IDV( 5) | FDR= 83.80%
  IDV( 6) | FDR= 10.20%
  IDV( 7) | FDR=100.00%
  IDV( 8) | FDR= 98.40%
  IDV( 9) | FDR=  0.00%
  IDV(10) | FDR= 91.60%
  IDV(11) | FDR=  0.00%
  IDV(12) | FDR=100.00%
  IDV(13) | FDR= 99.20%
  IDV(14) | FDR=  0.00%
  IDV(15) | FDR=  0.00%
  IDV(16) | FDR=100.00%
  IDV(17) | FDR= 22.80%
  IDV(18) | FDR=100.00%
  IDV(19) | FDR=  0.20%
  IDV(20) | FDR= 66.80%

TP=4861 FN=5139 FP=0 TN=100  Precision=1.0000 Recall=0.4861 F1=0.6542 FAR=0.00%

結果を naive_baseline_results.json に書き出しました。
