Loading dataset: TEP_FaultFree_Training.RData ...
Loading dataset: TEP_Faulty_Training.RData ...
FIT runs: 400 / HOLDOUT runs: 100

======================================================================
モデル: XMEAS(7) メイン式 (xmeas_6 + xmeas_10_lag1 + 自己減衰xmeas_7_lag1)
======================================================================
特徴量: [(:xmeas_6, 0), (:xmeas_10, 1), (:xmeas_7, 0)]
係数(最後が切片): [0.28823787107954896, 18.04711632841811, -0.023096771347829267, 44.19310896528687]
FIT正常データ R^2: 0.9377
FDI検知閾値: 11.4212
HOLDOUT正常データ R^2 (out-of-sample): 0.9358
FAR: 0.00% (0/100 runs)

--- IDVごとのFDR/ADD ---
  IDV( 1) | FDR= 14.00% | ADD=37.7分
  IDV( 2) | FDR=100.00% | ADD=137.2分
  IDV( 3) | FDR=  0.00% | ADD=N/A
  IDV( 4) | FDR=  0.00% | ADD=N/A
  IDV( 5) | FDR=  0.40% | ADD=20.5分
  IDV( 6) | FDR=100.00% | ADD=107.3分
  IDV( 7) | FDR=100.00% | ADD=20.0分
  IDV( 8) | FDR= 73.40% | ADD=262.8分
  IDV( 9) | FDR=  0.00% | ADD=N/A
  IDV(10) | FDR=  0.00% | ADD=N/A
  IDV(11) | FDR=  0.00% | ADD=N/A
  IDV(12) | FDR=100.00% | ADD=44.3分
  IDV(13) | FDR= 91.40% | ADD=185.4分
  IDV(14) | FDR=  0.20% | ADD=438.0分
  IDV(15) | FDR=  0.00% | ADD=N/A
  IDV(16) | FDR=  0.00% | ADD=N/A
  IDV(17) | FDR=  0.40% | ADD=328.0分
  IDV(18) | FDR=100.00% | ADD=120.1分
  IDV(19) | FDR=  0.00% | ADD=N/A
  IDV(20) | FDR=100.00% | ADD=89.9分

--- ラン単位 混同行列 ---
TP=3899  FN=6101  FP=0  TN=100
Precision=1.0000  Recall=0.3899  F1=0.5610  FAR=0.00%

======================================================================
モデル: XMEAS(7) アブレーション式 (xmeas_6を除去; xmeas_10_lag1 + 自己減衰xmeas_7_lag1)
======================================================================
特徴量: [(:xmeas_10, 1), (:xmeas_7, 0)]
係数(最後が切片): [18.24992278707959, -0.02286556538839186, 55.702741766936306]
FIT正常データ R^2: 0.9377
FDI検知閾値: 11.3509
HOLDOUT正常データ R^2 (out-of-sample): 0.9358
FAR: 0.00% (0/100 runs)

--- IDVごとのFDR/ADD ---
  IDV( 1) | FDR= 15.20% | ADD=38.5分
  IDV( 2) | FDR=100.00% | ADD=136.1分
  IDV( 3) | FDR=  0.00% | ADD=N/A
  IDV( 4) | FDR=  0.00% | ADD=N/A
  IDV( 5) | FDR=  0.40% | ADD=20.5分
  IDV( 6) | FDR=100.00% | ADD=106.8分
  IDV( 7) | FDR=100.00% | ADD=20.0分
  IDV( 8) | FDR= 74.80% | ADD=254.9分
  IDV( 9) | FDR=  0.00% | ADD=N/A
  IDV(10) | FDR=  0.00% | ADD=N/A
  IDV(11) | FDR=  0.00% | ADD=N/A
  IDV(12) | FDR=100.00% | ADD=43.9分
  IDV(13) | FDR= 91.40% | ADD=183.7分
  IDV(14) | FDR=  0.20% | ADD=438.0分
  IDV(15) | FDR=  0.00% | ADD=N/A
  IDV(16) | FDR=  0.00% | ADD=N/A
  IDV(17) | FDR=  0.40% | ADD=328.0分
  IDV(18) | FDR=100.00% | ADD=120.1分
  IDV(19) | FDR=  0.00% | ADD=N/A
  IDV(20) | FDR=100.00% | ADD=89.9分

--- ラン単位 混同行列 ---
TP=3912  FN=6088  FP=0  TN=100
Precision=1.0000  Recall=0.3912  F1=0.5624  FAR=0.00%

結果を xmeas7_v2_rigorous_results.json に書き出しました。
