Loading dataset: TEP_FaultFree_Training.RData ...
Loading dataset: TEP_Faulty_Training.RData ...
FIT runs: 400 / HOLDOUT runs: 100

======================================================================
モデル: XMEAS(9) v2式 (xmeas_21_lag1 - 自己減衰xmeas_9_lag1; Newton冷却則)
======================================================================
係数 [c1(xmeas_21_lag1), c2(xmeas_9_lag1)]: [0.009139263914046444, -0.007180871287162369]
FIT正常データ R^2 (立ち上がり2点/ラン除く): -1.3213
FDI検知閾値: 0.1852
HOLDOUT正常データ R^2 (out-of-sample): -1.3040
FAR: 0.00% (0/100 runs)

--- IDVごとのFDR/ADD ---
  IDV( 1) | FDR=  0.00% | ADD=N/A
  IDV( 2) | FDR=  0.00% | ADD=N/A
  IDV( 3) | FDR=  0.00% | ADD=N/A
  IDV( 4) | FDR= 23.40% | ADD=20.0分
  IDV( 5) | FDR=  0.00% | ADD=N/A
  IDV( 6) | FDR=  0.00% | ADD=N/A
  IDV( 7) | FDR=  0.00% | ADD=N/A
  IDV( 8) | FDR=  0.00% | ADD=N/A
  IDV( 9) | FDR=  0.00% | ADD=N/A
  IDV(10) | FDR=  0.00% | ADD=N/A
  IDV(11) | FDR= 85.80% | ADD=198.8分
  IDV(12) | FDR=  0.00% | ADD=N/A
  IDV(13) | FDR=  0.80% | ADD=344.5分
  IDV(14) | FDR=100.00% | ADD=22.0分
  IDV(15) | FDR=  0.00% | ADD=N/A
  IDV(16) | FDR=  0.00% | ADD=N/A
  IDV(17) | FDR=100.00% | ADD=86.9分
  IDV(18) | FDR=  5.80% | ADD=275.8分
  IDV(19) | FDR=  1.20% | ADD=228.2分
  IDV(20) | FDR=  0.00% | ADD=N/A

--- ラン単位 混同行列 ---
TP=1585  FN=8415  FP=0  TN=100
Precision=1.0000  Recall=0.1585  F1=0.2736  FAR=0.00%

結果を xmeas9_v2_rigorous_results.json に書き出しました。
